src/app/api/chat/route.ts(1,22): error TS2305: Module '"ai"' has no exported member 'CoreMessage'.
src/app/api/chat/route.ts(50,17): error TS2551: Property 'toDataStreamResponse' does not exist on type 'StreamTextResult<ToolSet, Output<string, string, never>>'. Did you mean 'toTextStreamResponse'?
src/components/editor/ScriptEditor.tsx(3,36): error TS2305: Module '"@tiptap/react"' has no exported member 'BubbleMenu'.
src/components/layout/Muse.tsx(3,25): error TS2307: Cannot find module 'ai/react' or its corresponding type declarations.
src/components/layout/Muse.tsx(14,22): error TS7006: Parameter 'response' implicitly has an 'any' type.
src/components/layout/Muse.tsx(58,31): error TS7006: Parameter 'm' implicitly has an 'any' type.
